// Jest Snapshot v1, https://goo.gl/fbAQLP

exports[`Details component snapshot test 1`] = `
<h1>
  OmgLolHi this is a details page hahaha
</h1>
`;
